Category: 📺央视频道, Name: CCTV-1, Total: 64, Valid: 16, Valid Percent: 25.00%, IPv4: 64, IPv6: 0, Min Delay: 245 ms, Max Speed: 4.00 M/s, Avg Speed: 0.50 M/s, Max Resolution: 1920x1080
Category: 📺央视频道, Name: CCTV-2, Total: 54, Valid: 17, Valid Percent: 31.48%, IPv4: 54, IPv6: 0, Min Delay: 229 ms, Max Speed: 6.59 M/s, Avg Speed: 1.02 M/s, Max Resolution: 1920x1080
Category: 📺央视频道, Name: CCTV-3, Total: 57, Valid: 17, Valid Percent: 29.82%, IPv4: 57, IPv6: 0, Min Delay: 238 ms, Max Speed: 6.56 M/s, Avg Speed: 0.79 M/s, Max Resolution: 1920x1080
Category: 📺央视频道, Name: CCTV-4, Total: 45, Valid: 14, Valid Percent: 31.11%, IPv4: 45, IPv6: 0, Min Delay: 242 ms, Max Speed: 4.96 M/s, Avg Speed: 0.51 M/s, Max Resolution: 1920x1080
Category: 📺央视频道, Name: CCTV-5, Total: 59, Valid: 21, Valid Percent: 35.59%, IPv4: 59, IPv6: 0, Min Delay: 172 ms, Max Speed: 6.66 M/s, Avg Speed: 1.18 M/s, Max Resolution: 1920x1080
Category: 📺央视频道, Name: CCTV-5+, Total: 34, Valid: 9, Valid Percent: 26.47%, IPv4: 34, IPv6: 0, Min Delay: 227 ms, Max Speed: 0.49 M/s, Avg Speed: 0.17 M/s, Max Resolution: 1920x1080
Category: 📺央视频道, Name: CCTV-6, Total: 56, Valid: 16, Valid Percent: 28.57%, IPv4: 56, IPv6: 0, Min Delay: 225 ms, Max Speed: 6.37 M/s, Avg Speed: 0.74 M/s, Max Resolution: 1920x1080
Category: 📺央视频道, Name: CCTV-7, Total: 48, Valid: 13, Valid Percent: 27.08%, IPv4: 48, IPv6: 0, Min Delay: 245 ms, Max Speed: 7.15 M/s, Avg Speed: 1.45 M/s, Max Resolution: 1920x1080
Category: 📺央视频道, Name: CCTV-8, Total: 47, Valid: 15, Valid Percent: 31.91%, IPv4: 47, IPv6: 0, Min Delay: 245 ms, Max Speed: 6.16 M/s, Avg Speed: 0.51 M/s, Max Resolution: 1920x1080
Category: 📺央视频道, Name: CCTV-9, Total: 50, Valid: 14, Valid Percent: 28.00%, IPv4: 50, IPv6: 0, Min Delay: 231 ms, Max Speed: 6.83 M/s, Avg Speed: 0.87 M/s, Max Resolution: 1920x1080
Category: 📺央视频道, Name: CCTV-10, Total: 48, Valid: 14, Valid Percent: 29.17%, IPv4: 48, IPv6: 0, Min Delay: 186 ms, Max Speed: 7.47 M/s, Avg Speed: 1.15 M/s, Max Resolution: 1920x1080
Category: 📺央视频道, Name: CCTV-11, Total: 42, Valid: 9, Valid Percent: 21.43%, IPv4: 42, IPv6: 0, Min Delay: 231 ms, Max Speed: 9.59 M/s, Avg Speed: 1.83 M/s, Max Resolution: 1920x1080
Category: 📺央视频道, Name: CCTV-12, Total: 47, Valid: 14, Valid Percent: 29.79%, IPv4: 47, IPv6: 0, Min Delay: 232 ms, Max Speed: 9.89 M/s, Avg Speed: 1.25 M/s, Max Resolution: 1920x1080
Category: 📺央视频道, Name: CCTV-13, Total: 53, Valid: 12, Valid Percent: 22.64%, IPv4: 53, IPv6: 0, Min Delay: 230 ms, Max Speed: 6.49 M/s, Avg Speed: 0.66 M/s, Max Resolution: 1920x1080
Category: 📺央视频道, Name: CCTV-14, Total: 47, Valid: 12, Valid Percent: 25.53%, IPv4: 47, IPv6: 0, Min Delay: 217 ms, Max Speed: 9.97 M/s, Avg Speed: 1.92 M/s, Max Resolution: 1920x1080
Category: 📺央视频道, Name: CCTV-15, Total: 58, Valid: 12, Valid Percent: 20.69%, IPv4: 58, IPv6: 0, Min Delay: 255 ms, Max Speed: 10.54 M/s, Avg Speed: 1.88 M/s, Max Resolution: 1920x1080
Category: 📺央视频道, Name: CCTV-16, Total: 21, Valid: 7, Valid Percent: 33.33%, IPv4: 21, IPv6: 0, Min Delay: 347 ms, Max Speed: 11.23 M/s, Avg Speed: 5.01 M/s, Max Resolution: 1920x1080
Category: 📺央视频道, Name: CCTV-17, Total: 31, Valid: 7, Valid Percent: 22.58%, IPv4: 31, IPv6: 0, Min Delay: 220 ms, Max Speed: 6.48 M/s, Avg Speed: 1.96 M/s, Max Resolution: 1920x1080
Category: 📺央视频道, Name: CETV-1, Total: 28, Valid: 0, Valid Percent: 0.00%, IPv4: 28, IPv6: 0, Min Delay: -1 ms, Max Speed: 0.00 M/s, Avg Speed: 0.00 M/s, Max Resolution: None
Category: 📺央视频道, Name: CETV-2, Total: 16, Valid: 0, Valid Percent: 0.00%, IPv4: 16, IPv6: 0, Min Delay: -1 ms, Max Speed: 0.00 M/s, Avg Speed: 0.00 M/s, Max Resolution: None
Category: 📺央视频道, Name: CETV-3, Total: 4, Valid: 0, Valid Percent: 0.00%, IPv4: 4, IPv6: 0, Min Delay: -1 ms, Max Speed: 0.00 M/s, Avg Speed: 0.00 M/s, Max Resolution: None
Category: 📺央视频道, Name: CETV-4, Total: 22, Valid: 0, Valid Percent: 0.00%, IPv4: 22, IPv6: 0, Min Delay: -1 ms, Max Speed: 0.00 M/s, Avg Speed: 0.00 M/s, Max Resolution: None
Category: 📡卫视频道, Name: 香港卫视, Total: 9, Valid: 0, Valid Percent: 0.00%, IPv4: 9, IPv6: 0, Min Delay: -1 ms, Max Speed: 0.00 M/s, Avg Speed: 0.00 M/s, Max Resolution: None
Category: 📡卫视频道, Name: 广东卫视, Total: 46, Valid: 14, Valid Percent: 30.43%, IPv4: 46, IPv6: 0, Min Delay: 45 ms, Max Speed: 174.59 M/s, Avg Speed: 13.71 M/s, Max Resolution: 1920x1080
Category: 📡卫视频道, Name: 浙江卫视, Total: 41, Valid: 20, Valid Percent: 48.78%, IPv4: 41, IPv6: 0, Min Delay: 147 ms, Max Speed: 20.91 M/s, Avg Speed: 2.38 M/s, Max Resolution: 1920x1080
Category: 📡卫视频道, Name: 湖南卫视, Total: 44, Valid: 18, Valid Percent: 40.91%, IPv4: 44, IPv6: 0, Min Delay: 18 ms, Max Speed: 10.10 M/s, Avg Speed: 1.98 M/s, Max Resolution: 1920x1080
Category: 📡卫视频道, Name: 北京卫视, Total: 47, Valid: 15, Valid Percent: 31.91%, IPv4: 47, IPv6: 0, Min Delay: 18 ms, Max Speed: 10.96 M/s, Avg Speed: 1.36 M/s, Max Resolution: 1920x1080
Category: 📡卫视频道, Name: 湖北卫视, Total: 45, Valid: 14, Valid Percent: 31.11%, IPv4: 45, IPv6: 0, Min Delay: 226 ms, Max Speed: 6.67 M/s, Avg Speed: 0.83 M/s, Max Resolution: 1920x1080
Category: 📡卫视频道, Name: 黑龙江卫视, Total: 29, Valid: 9, Valid Percent: 31.03%, IPv4: 29, IPv6: 0, Min Delay: 379 ms, Max Speed: 8.83 M/s, Avg Speed: 1.05 M/s, Max Resolution: 1920x1080
Category: 📡卫视频道, Name: 安徽卫视, Total: 35, Valid: 11, Valid Percent: 31.43%, IPv4: 35, IPv6: 0, Min Delay: 401 ms, Max Speed: 10.99 M/s, Avg Speed: 1.19 M/s, Max Resolution: 1920x1080
Category: 📡卫视频道, Name: 重庆卫视, Total: 38, Valid: 13, Valid Percent: 34.21%, IPv4: 38, IPv6: 0, Min Delay: 230 ms, Max Speed: 1.70 M/s, Avg Speed: 0.27 M/s, Max Resolution: 1920x1080
Category: 📡卫视频道, Name: 东方卫视, Total: 44, Valid: 17, Valid Percent: 38.64%, IPv4: 44, IPv6: 0, Min Delay: 229 ms, Max Speed: 11.38 M/s, Avg Speed: 2.80 M/s, Max Resolution: 1920x1080
Category: 📡卫视频道, Name: 东南卫视, Total: 30, Valid: 6, Valid Percent: 20.00%, IPv4: 30, IPv6: 0, Min Delay: 187 ms, Max Speed: 11.99 M/s, Avg Speed: 2.13 M/s, Max Resolution: 1920x1080
Category: 📡卫视频道, Name: 甘肃卫视, Total: 24, Valid: 8, Valid Percent: 33.33%, IPv4: 24, IPv6: 0, Min Delay: 362 ms, Max Speed: 8.80 M/s, Avg Speed: 1.21 M/s, Max Resolution: 1920x1080
Category: 📡卫视频道, Name: 广西卫视, Total: 30, Valid: 7, Valid Percent: 23.33%, IPv4: 30, IPv6: 0, Min Delay: 356 ms, Max Speed: 9.28 M/s, Avg Speed: 2.05 M/s, Max Resolution: 1920x1080
Category: 📡卫视频道, Name: 贵州卫视, Total: 31, Valid: 9, Valid Percent: 29.03%, IPv4: 31, IPv6: 0, Min Delay: 407 ms, Max Speed: 12.65 M/s, Avg Speed: 1.86 M/s, Max Resolution: 1920x1080
Category: 📡卫视频道, Name: 海南卫视, Total: 28, Valid: 9, Valid Percent: 32.14%, IPv4: 28, IPv6: 0, Min Delay: 234 ms, Max Speed: 0.44 M/s, Avg Speed: 0.23 M/s, Max Resolution: 1920x1080
Category: 📡卫视频道, Name: 河北卫视, Total: 30, Valid: 11, Valid Percent: 36.67%, IPv4: 30, IPv6: 0, Min Delay: 187 ms, Max Speed: 0.91 M/s, Avg Speed: 0.25 M/s, Max Resolution: 1920x1080
Category: 📡卫视频道, Name: 河南卫视, Total: 38, Valid: 13, Valid Percent: 34.21%, IPv4: 38, IPv6: 0, Min Delay: 65 ms, Max Speed: 17.82 M/s, Avg Speed: 1.51 M/s, Max Resolution: 1920x1080
Category: 📡卫视频道, Name: 吉林卫视, Total: 33, Valid: 8, Valid Percent: 24.24%, IPv4: 33, IPv6: 0, Min Delay: 187 ms, Max Speed: 10.89 M/s, Avg Speed: 1.51 M/s, Max Resolution: 1920x1080
Category: 📡卫视频道, Name: 江苏卫视, Total: 45, Valid: 15, Valid Percent: 33.33%, IPv4: 45, IPv6: 0, Min Delay: 183 ms, Max Speed: 10.28 M/s, Avg Speed: 0.98 M/s, Max Resolution: 1920x1080
Category: 📡卫视频道, Name: 江西卫视, Total: 40, Valid: 12, Valid Percent: 30.00%, IPv4: 40, IPv6: 0, Min Delay: 183 ms, Max Speed: 10.89 M/s, Avg Speed: 1.14 M/s, Max Resolution: 1920x1080
Category: 📡卫视频道, Name: 辽宁卫视, Total: 40, Valid: 13, Valid Percent: 32.50%, IPv4: 40, IPv6: 0, Min Delay: 189 ms, Max Speed: 6.64 M/s, Avg Speed: 0.70 M/s, Max Resolution: 1920x1080
Category: 📡卫视频道, Name: 内蒙古卫视, Total: 25, Valid: 6, Valid Percent: 24.00%, IPv4: 25, IPv6: 0, Min Delay: 176 ms, Max Speed: 0.43 M/s, Avg Speed: 0.21 M/s, Max Resolution: 1920x1080
Category: 📡卫视频道, Name: 宁夏卫视, Total: 24, Valid: 7, Valid Percent: 29.17%, IPv4: 24, IPv6: 0, Min Delay: 227 ms, Max Speed: 10.51 M/s, Avg Speed: 1.73 M/s, Max Resolution: 1920x1080
Category: 📡卫视频道, Name: 青海卫视, Total: 26, Valid: 6, Valid Percent: 23.08%, IPv4: 26, IPv6: 0, Min Delay: 192 ms, Max Speed: 10.47 M/s, Avg Speed: 1.94 M/s, Max Resolution: 1920x1080
Category: 📡卫视频道, Name: 山东卫视, Total: 33, Valid: 14, Valid Percent: 42.42%, IPv4: 33, IPv6: 0, Min Delay: 193 ms, Max Speed: 9.32 M/s, Avg Speed: 0.87 M/s, Max Resolution: 1920x1080
Category: 📡卫视频道, Name: 山西卫视, Total: 31, Valid: 10, Valid Percent: 32.26%, IPv4: 31, IPv6: 0, Min Delay: 176 ms, Max Speed: 6.21 M/s, Avg Speed: 0.76 M/s, Max Resolution: 1920x1080
Category: 📡卫视频道, Name: 陕西卫视, Total: 34, Valid: 11, Valid Percent: 32.35%, IPv4: 34, IPv6: 0, Min Delay: 235 ms, Max Speed: 3.60 M/s, Avg Speed: 0.47 M/s, Max Resolution: 1920x1080
Category: 📡卫视频道, Name: 四川卫视, Total: 36, Valid: 11, Valid Percent: 30.56%, IPv4: 36, IPv6: 0, Min Delay: 20 ms, Max Speed: 6.65 M/s, Avg Speed: 1.25 M/s, Max Resolution: 1920x1080
Category: 📡卫视频道, Name: 深圳卫视, Total: 32, Valid: 19, Valid Percent: 59.38%, IPv4: 32, IPv6: 0, Min Delay: 367 ms, Max Speed: 9.66 M/s, Avg Speed: 0.80 M/s, Max Resolution: 1920x1080
Category: 📡卫视频道, Name: 三沙卫视, Total: 10, Valid: 4, Valid Percent: 40.00%, IPv4: 10, IPv6: 0, Min Delay: 239 ms, Max Speed: 11.92 M/s, Avg Speed: 3.22 M/s, Max Resolution: 1920x1080
Category: 📡卫视频道, Name: 天津卫视, Total: 33, Valid: 13, Valid Percent: 39.39%, IPv4: 33, IPv6: 0, Min Delay: 203 ms, Max Speed: 9.23 M/s, Avg Speed: 0.75 M/s, Max Resolution: 1920x1080
Category: 📡卫视频道, Name: 西藏卫视, Total: 27, Valid: 8, Valid Percent: 29.63%, IPv4: 27, IPv6: 0, Min Delay: 10023 ms, Max Speed: 0.29 M/s, Avg Speed: 0.09 M/s, Max Resolution: 1920x1080
Category: 📡卫视频道, Name: 新疆卫视, Total: 35, Valid: 7, Valid Percent: 20.00%, IPv4: 35, IPv6: 0, Min Delay: 330 ms, Max Speed: 6.18 M/s, Avg Speed: 0.94 M/s, Max Resolution: 720x576
Category: 📡卫视频道, Name: 云南卫视, Total: 32, Valid: 11, Valid Percent: 34.38%, IPv4: 32, IPv6: 0, Min Delay: 186 ms, Max Speed: 8.61 M/s, Avg Speed: 0.86 M/s, Max Resolution: 1920x1080
